// Jest Snapshot v1, https://goo.gl/fbAQLP

exports[`<ConversationList /> matches the snapshot 1`] = `
<table
  className="table table-hover"
>
  <thead>
    <tr>
      <th
        scope="col"
      >
        #
      </th>
      <th
        scope="col"
      >
        Name
      </th>
      <th
        scope="col"
      >
        Created by
      </th>
      <th
        scope="col"
      />
      <th
        scope="col"
      />
      <th
        scope="col"
      />
    </tr>
  </thead>
  <tbody />
</table>
`;
