// Jest Snapshot v1, https://goo.gl/fbAQLP

exports[`<ScrollUp /> matches the snapshot 1`] = `
<button
  className="btn btn-sm btn-outline-secondary"
  onClick={[Function]}
  type="button"
>
  Back to top
</button>
`;
