// Jest Snapshot v1, https://goo.gl/fbAQLP

exports[`<Footer /> matches the snapshot 1`] = `
<footer
  className="text-muted fixed-bottom"
>
  <div
    className="container flex-v-center"
  >
    <span
      className="footer-text"
    >
      Find In Common is made and maintained by Â© Darius Rainys 2019
    </span>
    <span
      className="float-right"
    >
      <button
        className="btn btn-sm btn-outline-secondary"
        onClick={[Function]}
        type="button"
      >
        Back to top
      </button>
    </span>
  </div>
</footer>
`;
